// Vitest Snapshot v1, https://vitest.dev/guide/snapshot.html

exports[`Privacy Statement - snapshot 1`] = `
<body>
  <div>
    <div
      aria-hidden="false"
      class="cds--layer-one cds--modal is-visible cds--bmrg-privacy-statement-container cds--bmrg-header-modal"
      role="presentation"
    >
      <div
        aria-label="Privacy Statement"
        aria-modal="true"
        class="cds--modal-container"
        role="dialog"
      >
        <button
          class="cds--visually-hidden"
          type="button"
        >
          Focus sentinel
        </button>
        <div
          class="cds--modal-container-body"
        >
          <div
            class="cds--modal-header"
          >
            <h2
              class="cds--modal-header__label cds--type-delta"
            >
              Effective as of 
            </h2>
            <h2
              class="cds--modal-header__heading cds--type-beta"
            >
              Privacy Statement
            </h2>
            <div
              class="cds--modal-close-button"
            >
              <span
                class="cds--popover-container cds--popover--caret cds--popover--high-contrast cds--popover--left cds--tooltip cds--icon-tooltip"
              >
                <div
                  class="cds--tooltip-trigger__wrapper"
                >
                  <button
                    aria-label="Close"
                    aria-labelledby="tooltip-:r0:"
                    class="cds--btn--icon-only cds--modal-close cds--btn cds--btn--primary"
                    type="button"
                  >
                    <svg
                      aria-hidden="true"
                      class="cds--modal-close__icon"
                      fill="currentColor"
                      focusable="false"
                      height="20"
                      preserveAspectRatio="xMidYMid meet"
                      viewBox="0 0 32 32"
                      width="20"
                      xmlns="http://www.w3.org/2000/svg"
                    >
                      <path
                        d="M17.4141 16L24 9.4141 22.5859 8 16 14.5859 9.4143 8 8 9.4141 14.5859 16 8 22.5859 9.4143 24 16 17.4141 22.5859 24 24 22.5859 17.4141 16z"
                      />
                    </svg>
                  </button>
                </div>
                <span
                  aria-hidden="true"
                  class="cds--popover"
                  id="tooltip-:r0:"
                  role="tooltip"
                >
                  <span
                    class="cds--popover-content cds--tooltip-content"
                  >
                    Close
                  </span>
                  <span
                    class="cds--popover-caret"
                  />
                </span>
              </span>
            </div>
          </div>
          <div
            class="cds--layer-two cds--modal-content"
          >
            <div
              class="cds--bmrg-privacy-statement"
            />
          </div>
          <div
            aria-busy="false"
            class="cds--modal-footer cds--btn-set"
          >
            <button
              class="cds--btn cds--btn--secondary"
              data-modal-primary-focus="true"
              type="button"
            >
              Close
            </button>
            <button
              aria-describedby="danger-description-:r4:"
              class="cds--btn cds--btn--danger"
              type="button"
            >
              <span
                class="cds--visually-hidden"
                id="danger-description-:r4:"
              >
                danger
              </span>
              Request account deletion
            </button>
            <div
              class="cds--bmrg-privacy-statement-delete"
            >
              <div
                aria-hidden="true"
                class="cds--layer-one cds--modal"
                role="presentation"
              >
                <div
                  aria-label="Delete Account"
                  aria-modal="true"
                  class="cds--modal-container"
                  role="dialog"
                >
                  <button
                    class="cds--visually-hidden"
                    type="button"
                  >
                    Focus sentinel
                  </button>
                  <div
                    class="cds--modal-container-body"
                  >
                    <div
                      class="cds--modal-header"
                    >
                      <h2
                        class="cds--modal-header__label cds--type-delta"
                      >
                        Delete Account
                      </h2>
                      <h2
                        class="cds--modal-header__heading cds--type-beta"
                      >
                        Request account deletion
                      </h2>
                      <div
                        class="cds--modal-close-button"
                      >
                        <span
                          class="cds--popover-container cds--popover--caret cds--popover--high-contrast cds--popover--left cds--tooltip cds--icon-tooltip"
                        >
                          <div
                            class="cds--tooltip-trigger__wrapper"
                          >
                            <button
                              aria-label="Close"
                              aria-labelledby="tooltip-:r5:"
                              class="cds--btn--icon-only cds--modal-close cds--btn cds--btn--primary"
                              type="button"
                            >
                              <svg
                                aria-hidden="true"
                                class="cds--modal-close__icon"
                                fill="currentColor"
                                focusable="false"
                                height="20"
                                preserveAspectRatio="xMidYMid meet"
                                viewBox="0 0 32 32"
                                width="20"
                                xmlns="http://www.w3.org/2000/svg"
                              >
                                <path
                                  d="M17.4141 16L24 9.4141 22.5859 8 16 14.5859 9.4143 8 8 9.4141 14.5859 16 8 22.5859 9.4143 24 16 17.4141 22.5859 24 24 22.5859 17.4141 16z"
                                />
                              </svg>
                            </button>
                          </div>
                          <span
                            aria-hidden="true"
                            class="cds--popover"
                            id="tooltip-:r5:"
                            role="tooltip"
                          >
                            <span
                              class="cds--popover-content cds--tooltip-content"
                            >
                              Close
                            </span>
                            <span
                              class="cds--popover-caret"
                            />
                          </span>
                        </span>
                      </div>
                    </div>
                    <div
                      class="cds--layer-two cds--modal-content"
                    >
                      <p
                        class="cds--bmrg-privacy-statement-delete__desc"
                      >
                        By selecting to delete your account, your account will be deleted along with all of your user data from our system and we will notify your team(s) that you are no longer a memeber of the platform. Are you sure you want to delete your account?
                      </p>
                    </div>
                    <div
                      aria-busy="false"
                      class="cds--modal-footer cds--btn-set"
                    >
                      <button
                        class="cds--btn cds--btn--secondary"
                        data-modal-primary-focus="true"
                        type="button"
                      >
                        No, go back to Privacy Statement
                      </button>
                      <button
                        aria-describedby="danger-description-:r9:"
                        class="cds--btn cds--btn--danger"
                        type="submit"
                      >
                        <span
                          class="cds--visually-hidden"
                          id="danger-description-:r9:"
                        >
                          danger
                        </span>
                        Yes, delete my account
                      </button>
                    </div>
                  </div>
                  <button
                    class="cds--visually-hidden"
                    type="button"
                  >
                    Focus sentinel
                  </button>
                </div>
              </div>
            </div>
          </div>
        </div>
        <button
          class="cds--visually-hidden"
          type="button"
        >
          Focus sentinel
        </button>
      </div>
    </div>
  </div>
</body>
`;
