// Vitest Snapshot v1, https://vitest.dev/guide/snapshot.html

exports[`AutoSuggest > snapshot 1`] = `
<body>
  <div>
    <div
      class="cds--bmrg-auto-suggest"
    >
      <div
        aria-expanded="false"
        aria-haspopup="listbox"
        aria-owns="react-autowhatever-1"
        class="react-autosuggest__container"
        role="combobox"
      >
        <div
          class="cds--bmrg-text-input"
        >
          <div
            class="cds--form-item react-autosuggest__input cds--text-input-wrapper"
          >
            <div
              class="cds--text-input__label-wrapper"
            >
              <label
                class="cds--label"
                dir="auto"
                for="suggestions"
              >
                <div
                  class="cds--bmrg-text-input__label"
                >
                  <div>
                    Suggestions
                  </div>
                </div>
              </label>
            </div>
            <div
              class="cds--text-input__field-outer-wrapper"
            >
              <div
                class="cds--text-input__field-wrapper"
              >
                <input
                  aria-autocomplete="list"
                  aria-controls="react-autowhatever-1"
                  autocomplete="off"
                  class="cds--text-input"
                  control="object"
                  id="suggestions"
                  type="text"
                  value=""
                />
                
                <span
                  aria-atomic="true"
                  aria-live="assertive"
                  class="cds--text-input__counter-alert"
                  role="alert"
                />
              </div>
            </div>
          </div>
        </div>
        <div
          aria-label="AutoSuggest listbox"
          class="react-autosuggest__suggestions-container"
          id="react-autowhatever-1"
          query=""
          role="listbox"
        />
      </div>
    </div>
  </div>
</body>
`;
