// Vitest Snapshot v1

exports[`Avatar > snapshot 1`] = `
<body>
  <div>
    <img
      alt="Avatar for Rick Deckard"
      class="cds--bmrg-avatar --medium"
      src="https://www.gravatar.com/avatar/205e460b479e2e5b48aec07710c08d50"
      title="Avatar for Rick Deckard"
    />
  </div>
</body>
`;
