// Vitest Snapshot v1, https://vitest.dev/guide/snapshot.html

exports[`AboutPlatform > snapshot 1`] = `
<body>
  <div>
    <div
      aria-hidden="false"
      class="cds--layer-one cds--modal is-visible cds--bmrg-aboutPlatform-container cds--bmrg-header-modal cds--bmrg-aboutPlatform-modalheader"
      role="presentation"
    >
      <div
        aria-modal="true"
        class="cds--modal-container"
        role="dialog"
      >
        <button
          class="cds--visually-hidden"
          type="button"
        >
          Focus sentinel
        </button>
        <div
          class="cds--modal-container-body"
        >
          
          <div
            class="cds--modal-header cds--bmrg-aboutPlatform-modaltitle"
          >
            <h2
              class="cds--modal-header__heading cds--type-beta"
            >
              About the Platform
            </h2>
            <div
              class="cds--modal-close-button"
            >
              <span
                class="cds--popover-container cds--popover--caret cds--popover--high-contrast cds--popover--open cds--popover--left cds--tooltip cds--icon-tooltip"
              >
                <div
                  class="cds--tooltip-trigger__wrapper"
                >
                  <button
                    aria-label="Close"
                    aria-labelledby="tooltip-2"
                    class="cds--btn--icon-only cds--modal-close cds--btn cds--btn--primary"
                    type="button"
                  >
                    <svg
                      aria-hidden="true"
                      class="cds--modal-close__icon"
                      fill="currentColor"
                      focusable="false"
                      height="20"
                      preserveAspectRatio="xMidYMid meet"
                      viewBox="0 0 32 32"
                      width="20"
                      xmlns="http://www.w3.org/2000/svg"
                    >
                      <path
                        d="M17.4141 16L24 9.4141 22.5859 8 16 14.5859 9.4143 8 8 9.4141 14.5859 16 8 22.5859 9.4143 24 16 17.4141 22.5859 24 24 22.5859 17.4141 16z"
                      />
                    </svg>
                  </button>
                </div>
                <span
                  aria-hidden="false"
                  class="cds--popover"
                  id="tooltip-2"
                  role="tooltip"
                >
                  <span
                    class="cds--popover-content cds--tooltip-content"
                  >
                    Close
                  </span>
                  <span
                    class="cds--popover-caret"
                  />
                </span>
              </span>
            </div>
          </div>
          <div
            class="cds--layer-two cds--modal-content"
          >
            <div>
              <h5
                class="cds--bmrg-aboutPlatform-component-header"
              >
                Components
              </h5>
              <ul>
                <li
                  class="cds--bmrg-aboutPlatform-li-between-first"
                >
                  <span
                    class="cds--bmrg-aboutPlatform-li"
                  >
                    IBM Consulting Advantage
                  </span>
                  <span
                    class="cds--bmrg-aboutPlatform-li-version"
                  >
                    1.2.1
                  </span>
                </li>
                <li
                  class="cds--bmrg-aboutPlatform-li-between"
                >
                  <span
                    class="cds--bmrg-aboutPlatform-li"
                  >
                    Assistants 
                  </span>
                  <span
                    class="cds--bmrg-aboutPlatform-li-version"
                  >
                    1.0.0
                  </span>
                </li>
                <li
                  class="cds--bmrg-aboutPlatform-li-between"
                >
                  <span
                    class="cds--bmrg-aboutPlatform-li"
                  >
                    Agents
                  </span>
                  <span
                    class="cds--bmrg-aboutPlatform-li-version"
                  >
                    1.0.0
                  </span>
                </li>
                <li
                  class="cds--bmrg-aboutPlatform-li-between-last"
                >
                  <span
                    class="cds--bmrg-aboutPlatform-li"
                  >
                    Scribeflow
                  </span>
                  <span
                    class="cds--bmrg-aboutPlatform-li-version"
                  >
                    1.0.0
                  </span>
                </li>
              </ul>
              <h1
                class="cds--bmrg-aboutPlatform-footer__header"
              >
                Copyright IBM Corp. 2022, 2025
              </h1>
            </div>
          </div>
        </div>
        <button
          class="cds--visually-hidden"
          type="button"
        >
          Focus sentinel
        </button>
      </div>
    </div>
  </div>
</body>
`;
