// Vitest Snapshot v1

exports[`PrivacyRedirect > snapshot 1`] = `
<body
  class="cds--body--with-modal-open"
>
  <div>
    <div
      class="cds--bmrg-redirect-container cds--bmrg-header-modal"
    >
      <div
        aria-hidden="false"
        class="cds--modal is-visible"
        role="presentation"
        tabindex="-1"
      >
        <div
          aria-label="GDPR Modal"
          aria-modal="true"
          class="cds--modal-container"
          role="dialog"
        >
          <button
            class="cds--visually-hidden"
            type="button"
          >
            Focus sentinel
          </button>
          <div
            class="cds--modal-container-body"
          >
            <div
              class="cds--modal-header"
            >
              <h3
                class="cds--modal-header__heading cds--type-beta"
              >
                Our Privacy Statement
              </h3>
              <button
                aria-label="Close"
                class="cds--modal-close"
                title="Close"
                type="button"
              >
                <svg
                  aria-hidden="true"
                  class="cds--modal-close__icon"
                  fill="currentColor"
                  focusable="false"
                  height="20"
                  preserveAspectRatio="xMidYMid meet"
                  viewBox="0 0 32 32"
                  width="20"
                  xmlns="http://www.w3.org/2000/svg"
                >
                  <path
                    d="M24 9.4L22.6 8 16 14.6 9.4 8 8 9.4 14.6 16 8 22.6 9.4 24 16 17.4 22.6 24 24 22.6 17.4 16 24 9.4z"
                  />
                </svg>
              </button>
            </div>
            <div
              class="cds--modal-content"
            >
              <span
                class="cds--bmrg-redirect__body"
              >
                Before continuing, we need you to consent to the Privacy Statement.
              </span>
            </div>
            <div
              class="cds--modal-footer cds--btn-set"
            >
              <button
                class="cds--btn cds--btn--primary"
                tabindex="0"
                type="button"
              >
                View Privacy Statement
              </button>
            </div>
          </div>
          <button
            class="cds--visually-hidden"
            type="button"
          >
            Focus sentinel
          </button>
        </div>
      </div>
    </div>
  </div>
</body>
`;

exports[`PrivacyRedirect - snapshot 1`] = `
<body
  class="cds--body--with-modal-open"
>
  <div>
    <div
      class="cds--bmrg-redirect-container cds--bmrg-header-modal"
    >
      <div
        aria-hidden="false"
        class="cds--modal is-visible"
        role="presentation"
        tabindex="-1"
      >
        <div
          aria-label="GDPR Modal"
          aria-modal="true"
          class="cds--modal-container"
          role="dialog"
        >
          <button
            class="cds--visually-hidden"
            type="button"
          >
            Focus sentinel
          </button>
          <div
            class="cds--modal-container-body"
          >
            <div
              class="cds--modal-header"
            >
              <h3
                class="cds--modal-header__heading cds--type-beta"
              >
                Our Privacy Statement
              </h3>
              <button
                aria-label="Close"
                class="cds--modal-close"
                title="Close"
                type="button"
              >
                <svg
                  aria-hidden="true"
                  class="cds--modal-close__icon"
                  fill="currentColor"
                  focusable="false"
                  height="20"
                  preserveAspectRatio="xMidYMid meet"
                  viewBox="0 0 32 32"
                  width="20"
                  xmlns="http://www.w3.org/2000/svg"
                >
                  <path
                    d="M24 9.4L22.6 8 16 14.6 9.4 8 8 9.4 14.6 16 8 22.6 9.4 24 16 17.4 22.6 24 24 22.6 17.4 16 24 9.4z"
                  />
                </svg>
              </button>
            </div>
            <div
              class="cds--modal-content"
            >
              <span
                class="cds--bmrg-redirect__body"
              >
                Before continuing, we need you to consent to the Privacy Statement.
              </span>
            </div>
            <div
              class="cds--modal-footer cds--btn-set"
            >
              <button
                class="cds--btn cds--btn--primary"
                tabindex="0"
                type="button"
              >
                View Privacy Statement
              </button>
            </div>
          </div>
          <button
            class="cds--visually-hidden"
            type="button"
          >
            Focus sentinel
          </button>
        </div>
      </div>
    </div>
  </div>
</body>
`;
