// Vitest Snapshot v1, https://vitest.dev/guide/snapshot.html

exports[`CheckboxList > snapshot 1`] = `
<body>
  <div>
    <div
      class="cds--bmrg-checkbox-list"
    >
      <div
        class="cds--bmrg-checkbox-list__title"
      >
        <div
          class="cds--label"
          id="test-label"
          style="margin-bottom: .3125rem;"
        >
          label text
        </div>
        <div
          class="cds--bmrg-checkbox-list__tooltip"
        >
          <svg
            aria-hidden="true"
            fill="currentColor"
            focusable="false"
            height="16"
            preserveAspectRatio="xMidYMid meet"
            viewBox="0 0 16 16"
            width="16"
            xmlns="http://www.w3.org/2000/svg"
          >
            <path
              d="M8.5 11L8.5 6.5 6.5 6.5 6.5 7.5 7.5 7.5 7.5 11 6 11 6 12 10 12 10 11zM8 3.5c-.4 0-.8.3-.8.8S7.6 5 8 5c.4 0 .8-.3.8-.8S8.4 3.5 8 3.5z"
            />
            <path
              d="M8,15c-3.9,0-7-3.1-7-7s3.1-7,7-7s7,3.1,7,7S11.9,15,8,15z M8,2C4.7,2,2,4.7,2,8s2.7,6,6,6s6-2.7,6-6S11.3,2,8,2z"
            />
          </svg>
        </div>
      </div>
      <div
        class="cds--form__helper-text"
      >
        helper text
      </div>
      <div
        class="cds--bmrg-checkbox-list__list"
      >
        <div
          class="cds--form-item cds--checkbox-wrapper"
        >
          <input
            class="cds--checkbox"
            id="cat"
            type="checkbox"
          />
          <label
            class="cds--checkbox-label"
            for="cat"
            title=""
          >
            <span
              class="cds--checkbox-label-text"
              dir="auto"
            >
              Cat
              
            </span>
          </label>
          <div
            class="cds--checkbox__validation-msg"
          />
        </div>
        <div
          class="cds--form-item cds--checkbox-wrapper"
        >
          <input
            class="cds--checkbox"
            id="dog"
            type="checkbox"
          />
          <label
            class="cds--checkbox-label"
            for="dog"
            title=""
          >
            <span
              class="cds--checkbox-label-text"
              dir="auto"
            >
              Dog
              
            </span>
          </label>
          <div
            class="cds--checkbox__validation-msg"
          />
        </div>
        <div
          class="cds--form-item cds--checkbox-wrapper"
        >
          <input
            class="cds--checkbox"
            id="panda"
            type="checkbox"
          />
          <label
            class="cds--checkbox-label"
            for="panda"
            title=""
          >
            <span
              class="cds--checkbox-label-text"
              dir="auto"
            >
              Panda
              
            </span>
          </label>
          <div
            class="cds--checkbox__validation-msg"
          />
        </div>
      </div>
    </div>
  </div>
</body>
`;
